#-----------------------------------------------------------
# Webtalk v2017.4 (64-bit)
# SW Build 2086221 on Fri Dec 15 20:55:39 MST 2017
# IP Build 2085800 on Fri Dec 15 22:25:07 MST 2017
# Start of session at: Mon Jun 11 21:29:05 2018
# Process ID: 4268
# Current directory: C:/Users/Arthur/Documents/Workspace/Lab_DSD/Project/FPGA-Sequencer-and-Synthesizer/Peripheries/waveform/waveform.sim/sim_1/synth/timing/xsim
# Command line: wbtcv.exe -mode batch -source C:/Users/Arthur/Documents/Workspace/Lab_DSD/Project/FPGA-Sequencer-and-Synthesizer/Peripheries/waveform/waveform.sim/sim_1/synth/timing/xsim/xsim.dir/sine_tb_time_synth/webtalk/xsim_webtalk.tcl -notrace
# Log file: C:/Users/Arthur/Documents/Workspace/Lab_DSD/Project/FPGA-Sequencer-and-Synthesizer/Peripheries/waveform/waveform.sim/sim_1/synth/timing/xsim/webtalk.log
# Journal file: C:/Users/Arthur/Documents/Workspace/Lab_DSD/Project/FPGA-Sequencer-and-Synthesizer/Peripheries/waveform/waveform.sim/sim_1/synth/timing/xsim\webtalk.jou
#-----------------------------------------------------------
source C:/Users/Arthur/Documents/Workspace/Lab_DSD/Project/FPGA-Sequencer-and-Synthesizer/Peripheries/waveform/waveform.sim/sim_1/synth/timing/xsim/xsim.dir/sine_tb_time_synth/webtalk/xsim_webtalk.tcl -notrace
